<!doctype html>
<html dir="ltr">
  <head>
    <title>[TEST] Sidekiq</title>
    <meta charset="utf-8" />
    <meta name="viewport" content="width=device-width,initial-scale=1.0" />

    <link href="/sidekiq/stylesheets/bootstrap.css" media="screen" rel="stylesheet" type="text/css" />
    

    <link href="/sidekiq/stylesheets/application.css" media="screen" rel="stylesheet" type="text/css" />
    <link href="/sidekiq/stylesheets/application-dark.css" media="screen and (prefers-color-scheme: dark)" rel="stylesheet" type="text/css" />
    

    <link rel="apple-touch-icon" href="/sidekiq/images/apple-touch-icon.png">
    <link rel="shortcut icon" type="image/ico" href="/sidekiq/images/favicon.ico" />
    <script type="text/javascript" src="/sidekiq/javascripts/application.js"></script>
    <meta name="google" content="notranslate" />
    
  </head>
  <body class="admin" data-poll-path="" data-locale="en">
    <div class="navbar navbar-default navbar-fixed-top">
  <div class="container-fluid">
    <div class="navbar-header" data-navbar="static">
      <button type="button" class="navbar-toggle collapsed" data-toggle="collapse" data-target="#navbar-menu">
        <span class="icon-bar"></span>
        <span class="icon-bar"></span>
        <span class="icon-bar"></span>
      </button>
      <div class="navbar-toggle collapsed navbar-livereload">
        
  
    <a id="live-poll" class="btn btn-primary" href="/sidekiq/undertaker/filter/HardWorker/1_hour?poll=true">Live Poll</a>
  


        
      </div>
      <a class="navbar-brand" href="/sidekiq/">
        Sidekiq
        <span class="status">
  <i class="status-sprite status-idle"></i>
  idle
</span>

      </a>
    </div>

    <div class="collapse navbar-collapse" id="navbar-menu">
      <ul class="nav navbar-nav" data-navbar="static">
        
          
            <li class="">
            <a href="/sidekiq/">Dashboard</a>
            </li>
          
        
          
            <li class="">
            <a href="/sidekiq/busy">Busy</a>
            </li>
          
        
          
            <li class="">
            <a href="/sidekiq/queues">Queues</a>
            </li>
          
        
          
            <li class="">
            <a href="/sidekiq/retries">Retries</a>
            </li>
          
        
          
            <li class="">
            <a href="/sidekiq/scheduled">Scheduled</a>
            </li>
          
        
          
            <li class="">
            <a href="/sidekiq/morgue">Dead</a>
            </li>
          
        

        
          <li class="active" data-navbar="custom-tab">
            <a href="/sidekiq/undertaker/filter">Undertaker</a>
          </li>
        

        <li class="navbar-livereload">
          <div class="poll-wrapper">
            
  
    <a id="live-poll" class="btn btn-primary" href="/sidekiq/undertaker/filter/HardWorker/1_hour?poll=true">Live Poll</a>
  


            
          </div>
        </li>
      </ul>
    </div>
  </div>
</div>

    <div id="page">
      <div class="container">
        <div class="row">
          <div class="col-sm-12 summary_bar">
            <ul class="list-unstyled summary row">
  <li class="processed col-sm-1">
    <span class="count">0</span>
    <span class="desc">Processed</span>
  </li>
  <li class="failed col-sm-1">
    <span class="count">0</span>
    <span class="desc">Failed</span>
  </li>
  <li class="busy col-sm-1">
    <a href="/sidekiq/busy">
      <span class="count">0</span>
      <span class="desc">Busy</span>
    </a>
  </li>
  <li class="enqueued col-sm-1">
    <a href="/sidekiq/queues">
      <span class="count">0</span>
      <span class="desc">Enqueued</span>
    </a>
  </li>
  <li class="retries col-sm-1">
    <a href="/sidekiq/retries">
      <span class="count">0</span>
      <span class="desc">Retries</span>
    </a>
  </li>
  <li class="scheduled col-sm-1">
    <a href="/sidekiq/scheduled">
      <span class="count">0</span>
      <span class="desc">Scheduled</span>
    </a>
  </li>
  <li class="dead col-sm-1">
    <a href="/sidekiq/morgue">
      <span class="count">4</span>
      <span class="desc">Dead</span>
    </a>
  </li>
</ul>

          </div>

          <div class="col-sm-12">
            <header class="row header">
  <div class="col-sm-12">
    <h3>
      <b>3</b> dead jobs
       of <b>HardWorker</b> class
    </h3>
  </div>
</header>

<table class="table table-striped table-bordered table-white">
  <thead>
    <tr>
      <th style="width: 20%">Error</th>
      <th style="width: 10%">All</th>
      <th style="width: 10%">1 hour</th>
      <th style="width: 10%">3 hours</th>
      <th style="width: 10%">1 day</th>
      <th style="width: 10%">3 days</th>
      <th style="width: 10%">1 week</th>
      <th style="width: 10%">Older</th>
    </tr>
  </thead>
  
      <tr>
        <td><a href='/sidekiq/undertaker/morgue/HardWorker/all/total_dead'>all</a></td>
        <td><a href='/sidekiq/undertaker/morgue/HardWorker/all/total_dead'>3</a></td>
        <td><a href='/sidekiq/undertaker/morgue/HardWorker/all/1_hour'>3</a></td>
        <td><a href='/sidekiq/undertaker/morgue/HardWorker/all/3_hours'>0</a></td>
        <td><a href='/sidekiq/undertaker/morgue/HardWorker/all/1_day'>0</a></td>
        <td><a href='/sidekiq/undertaker/morgue/HardWorker/all/3_days'>0</a></td>
        <td><a href='/sidekiq/undertaker/morgue/HardWorker/all/1_week'>0</a></td>
        <td><a href='/sidekiq/undertaker/morgue/HardWorker/all/older'>0</a></td>
      </tr>
  
      <tr>
        <td><a href='/sidekiq/undertaker/morgue/HardWorker/RuntimeError/total_dead'>RuntimeError</a></td>
        <td><a href='/sidekiq/undertaker/morgue/HardWorker/RuntimeError/total_dead'>2</a></td>
        <td><a href='/sidekiq/undertaker/morgue/HardWorker/RuntimeError/1_hour'>2</a></td>
        <td><a href='/sidekiq/undertaker/morgue/HardWorker/RuntimeError/3_hours'>0</a></td>
        <td><a href='/sidekiq/undertaker/morgue/HardWorker/RuntimeError/1_day'>0</a></td>
        <td><a href='/sidekiq/undertaker/morgue/HardWorker/RuntimeError/3_days'>0</a></td>
        <td><a href='/sidekiq/undertaker/morgue/HardWorker/RuntimeError/1_week'>0</a></td>
        <td><a href='/sidekiq/undertaker/morgue/HardWorker/RuntimeError/older'>0</a></td>
      </tr>
  
      <tr>
        <td><a href='/sidekiq/undertaker/morgue/HardWorker/NoMethodError/total_dead'>NoMethodError</a></td>
        <td><a href='/sidekiq/undertaker/morgue/HardWorker/NoMethodError/total_dead'>1</a></td>
        <td><a href='/sidekiq/undertaker/morgue/HardWorker/NoMethodError/1_hour'>1</a></td>
        <td><a href='/sidekiq/undertaker/morgue/HardWorker/NoMethodError/3_hours'>0</a></td>
        <td><a href='/sidekiq/undertaker/morgue/HardWorker/NoMethodError/1_day'>0</a></td>
        <td><a href='/sidekiq/undertaker/morgue/HardWorker/NoMethodError/3_days'>0</a></td>
        <td><a href='/sidekiq/undertaker/morgue/HardWorker/NoMethodError/1_week'>0</a></td>
        <td><a href='/sidekiq/undertaker/morgue/HardWorker/NoMethodError/older'>0</a></td>
      </tr>
  
</table>

          </div>
        </div>
      </div>
    </div>
    <div class="navbar navbar-fixed-bottom navbar-inverse ltr">
  <div class="navbar-inner">
    <div class="container text-center">
        <ul class="nav">
          <li>
            <p class="navbar-text product-version">Sidekiq v*EXCLUDED*</p>
          </li>
          <li>
            <p class="navbar-text redis-url" title="redis://127.0.0.1:6379/0">redis://127.0.0.1:6379/0</p>
          </li>
          <li>
            <p class="navbar-text server-utc-time">20:57:00 UTC</p>
          </li>
          <li>
            <p class="navbar-text"><a style="color: gray;" href="https://github.com/mperham/sidekiq/wiki">docs</a></p>
          </li>
        </ul>
    </div>
  </div>
</div>

  </body>
</html>
