<!doctype html>
<html dir="ltr" lang="en">
  <head>
    <title>[TEST] Sidekiq</title>
    <meta charset="utf-8" />
    <meta name="viewport" content="width=device-width,initial-scale=1.0" />

    <link href="/sidekiq/stylesheets/style.css" media="screen" rel="stylesheet" type="text/css" nonce="<nonce>" />

    <link rel="apple-touch-icon" href="/sidekiq/images/apple-touch-icon.png">
    <link rel="shortcut icon" type="image/ico" href="/sidekiq/images/favicon.ico" />
    <script type="text/javascript" src="/sidekiq/javascripts/application.js" nonce="<nonce>"></script>
    <meta name="google" content="notranslate" />
    
  </head>
  <body class="admin" data-locale="en">
    <header>
  <div class="container">
    <div class="navbar-header" data-navbar="static">
      <button type="button" class="btn navbar-toggle" data-toggle="navbar-menu" data-target="#navbar-menu">
        <span class="icon-bar"></span>
        <span class="icon-bar"></span>
        <span class="icon-bar"></span>
      </button>
      <div class="navbar-livereload">
        
    <a class="btn live-poll live-poll-start btn-primary">Live Poll</a>
    <a class="btn live-poll live-poll-stop btn-danger">Stop Polling</a>


        
      </div>
      <a class="navbar-brand" href="/sidekiq/">
        Sidekiq
      </a>
    </div>

    <div class="navbar-collapse" role="navigation" id="navbar-menu">
      <ul class="nav" data-navbar="static">
        
          
            <li class="">
              <a href="/sidekiq/">Dashboard</a>
            </li>
          
        
          
            <li class="">
              <a href="/sidekiq/busy">Busy</a>
            </li>
          
        
          
            <li class="">
              <a href="/sidekiq/queues">Queues</a>
            </li>
          
        
          
            <li class="">
              <a href="/sidekiq/retries">Retries</a>
            </li>
          
        
          
            <li class="">
              <a href="/sidekiq/scheduled">Scheduled</a>
            </li>
          
        
          
            <li class="">
              <a href="/sidekiq/morgue">Dead</a>
            </li>
          
        
          
            <li class="">
              <a href="/sidekiq/metrics">Metrics</a>
            </li>
          
        
          
            <li class="">
              <a href="/sidekiq/profiles">Profiles</a>
            </li>
          
        
          
            <li class="active">
              <a href="/sidekiq/undertaker/filter">Undertaker</a>
            </li>
          
        

        <li class="navbar-livereload">
          <div class="poll-wrapper">
            
    <a class="btn live-poll live-poll-start btn-primary">Live Poll</a>
    <a class="btn live-poll live-poll-stop btn-danger">Stop Polling</a>


            
          </div>
        </li>
      </ul>
    </div>
  </div>
</header>

    <main id="page">
      <div class="container">
        <div class="cards-container">
  <article>
    <span id="txtProcessed" class="count" data-nwp>0</span>
    <span class="desc">Processed</span>
  </article>
  <article>
    <span id="txtFailed" class="count" data-nwp>0</span>
    <span class="desc">Failed</span>
  </article>
  <article>
    <a href="/sidekiq/busy">
      <span id="txtBusy" class="count" data-nwp>0</span>
      <span class="desc">Busy</span>
    </a>
  </article>
  <article>
    <a href="/sidekiq/queues">
      <span id="txtEnqueued" class="count" data-nwp>0</span>
      <span class="desc">Enqueued</span>
    </a>
  </article>
  <article>
    <a href="/sidekiq/retries">
      <span id="txtRetries" class="count" data-nwp>0</span>
      <span class="desc">Retries</span>
    </a>
  </article>
  <article>
    <a href="/sidekiq/scheduled">
      <span id="txtScheduled" class="count" data-nwp>0</span>
      <span class="desc">Scheduled</span>
    </a>
  </article>
  <article>
    <a href="/sidekiq/morgue">
      <span id="txtDead" class="count" data-nwp>4</span>
      <span class="desc">Dead</span>
    </a>
  </article>
</div>

        <header class="row header">
  <div class="col-sm-12">
    <h3>
      <b>4</b> dead jobs
    </h3>
  </div>
</header>

<table class="table table-striped table-bordered table-white">
  <thead>
    <tr>
      <th style="width: 20%">Jobs</th>
      <th style="width: 10%">All</th>
      <th style="width: 10%">1 hour</th>
      <th style="width: 10%">3 hours</th>
      <th style="width: 10%">1 day</th>
      <th style="width: 10%">3 days</th>
      <th style="width: 10%">1 week</th>
      <th style="width: 10%">Older</th>
    </tr>
  </thead>
  
      <tr>
        <td><a href='/sidekiq/undertaker/morgue/all/all/all/total_dead'> all</a></td>
        <td><a href='/sidekiq/undertaker/filter/all/total_dead'>4</a></td>
        <td><a href='/sidekiq/undertaker/filter/all/1_hour'>4</a></td>
        <td><a href='/sidekiq/undertaker/filter/all/3_hours'>0</a></td>
        <td><a href='/sidekiq/undertaker/filter/all/1_day'>0</a></td>
        <td><a href='/sidekiq/undertaker/filter/all/3_days'>0</a></td>
        <td><a href='/sidekiq/undertaker/filter/all/1_week'>0</a></td>
        <td><a href='/sidekiq/undertaker/filter/all/older'>0</a></td>
      </tr>
  
      <tr>
        <td><a href='/sidekiq/undertaker/morgue/HardWorker/all/all/total_dead'> HardWorker</a></td>
        <td><a href='/sidekiq/undertaker/filter/HardWorker/total_dead'>3</a></td>
        <td><a href='/sidekiq/undertaker/filter/HardWorker/1_hour'>3</a></td>
        <td><a href='/sidekiq/undertaker/filter/HardWorker/3_hours'>0</a></td>
        <td><a href='/sidekiq/undertaker/filter/HardWorker/1_day'>0</a></td>
        <td><a href='/sidekiq/undertaker/filter/HardWorker/3_days'>0</a></td>
        <td><a href='/sidekiq/undertaker/filter/HardWorker/1_week'>0</a></td>
        <td><a href='/sidekiq/undertaker/filter/HardWorker/older'>0</a></td>
      </tr>
  
      <tr>
        <td><a href='/sidekiq/undertaker/morgue/HardWorker1/all/all/total_dead'> HardWorker1</a></td>
        <td><a href='/sidekiq/undertaker/filter/HardWorker1/total_dead'>1</a></td>
        <td><a href='/sidekiq/undertaker/filter/HardWorker1/1_hour'>1</a></td>
        <td><a href='/sidekiq/undertaker/filter/HardWorker1/3_hours'>0</a></td>
        <td><a href='/sidekiq/undertaker/filter/HardWorker1/1_day'>0</a></td>
        <td><a href='/sidekiq/undertaker/filter/HardWorker1/3_days'>0</a></td>
        <td><a href='/sidekiq/undertaker/filter/HardWorker1/1_week'>0</a></td>
        <td><a href='/sidekiq/undertaker/filter/HardWorker1/older'>0</a></td>
      </tr>
  
</table>

<header class="row header">
  <div class="col-sm-12">
    <h3>
      Import Jobs
    </h3>
  </div>
</header>

<form enctype="multipart/form-data" method="post" action='/sidekiq/undertaker/import_jobs'>
  <input type='hidden' name='authenticity_token' value=''/>
    <input type="file" id=upload_file" name="upload_file" >
    <button class="btn btn-danger" style="margin-top: 10px" type="submit">
      Import
    </button>
</form>

      </div>
    </main>
    <footer>
  <div class="container">
    <ul class="nav">
      <li>
        <p><b>Sidekiq v*EXCLUDED*</b></p>
      </li>
      <li>
        <p title="redis://localhost:6379">redis://localhost:6379</p>
      </li>
      <li>
        <p id="serverUtcTime">20:57:00 UTC</p>
      </li>
      <li>
        <p><a rel=help href="https://github.com/sidekiq/sidekiq/wiki">docs</a></p>
      </li>
      <li>
        <form id="locale-form" action="/sidekiq/change_locale" method="post">
          <input type='hidden' name='authenticity_token' value=''/>
          <select id="locale-select" aria-label="Language" class="form-control" name="locale">
            
              
                <option value="ar">العربية</option>
              
            
              
                <option value="cs">Čeština</option>
              
            
              
                <option value="da">Dansk</option>
              
            
              
                <option value="de">Deutsch</option>
              
            
              
                <option value="el">ελληνικά</option>
              
            
              
                <option selected value="en">English</option>
              
            
              
                <option value="es">Español</option>
              
            
              
                <option value="fa">فارسى</option>
              
            
              
                <option value="fr">Français</option>
              
            
              
                <option value="gd">Gaeilge</option>
              
            
              
                <option value="he">עברית</option>
              
            
              
                <option value="hi">हिन्दी</option>
              
            
              
                <option value="it">Italiano</option>
              
            
              
                <option value="ja">日本語</option>
              
            
              
                <option value="ko">한국어</option>
              
            
              
                <option value="lt">Lietuvių</option>
              
            
              
                <option value="nb">Norsk</option>
              
            
              
                <option value="nl">Nederlands</option>
              
            
              
                <option value="pl">Polski</option>
              
            
              
                <option value="pt-BR">Português (Brasil)</option>
              
            
              
                <option value="pt">Português</option>
              
            
              
                <option value="ru">Русский</option>
              
            
              
                <option value="sv">Svenska</option>
              
            
              
                <option value="ta">தமிழ்</option>
              
            
              
                <option value="tr">Türkçe</option>
              
            
              
                <option value="uk">Українська</option>
              
            
              
                <option value="ur">اردو</option>
              
            
              
                <option value="vi">Tiếng Việt</option>
              
            
              
                <option value="zh-CN">中文</option>
              
            
              
                <option value="zh-TW">臺灣話</option>
              
            
          </select>
        </form>
      </li>
    </ul>
  </div>
</footer>

  </body>
</html>
